ggml_cuda_init: found 1 CUDA devices (Total VRAM: 9867 MiB):
  Device 0: NVIDIA GeForce RTX 3080, compute capability 8.6, VMM: yes, VRAM: 9867 MiB
Testing 2 devices

Backend 1/2: CUDA0
  Device description: NVIDIA GeForce RTX 3080
  Device memory: 9867 MB (9471 MB free)

  MUL_MAT(type_a=ptq1_0,type_b=f32,m=67,n=1,k=1024,bs=[1,1],nr=[1,1],per=[0,1,2,3],k_v=0,o=1,src_overlap=0): [1;32mOK[0m
  MUL_MAT(type_a=pq2_0,type_b=f32,m=67,n=1,k=1024,bs=[1,1],nr=[1,1],per=[0,1,2,3],k_v=0,o=1,src_overlap=0): [1;32mOK[0m
  MUL_MAT(type_a=ptq1_0,type_b=f32,m=67,n=1,k=5120,bs=[1,1],nr=[1,1],per=[0,1,2,3],k_v=0,o=1,src_overlap=0): [1;32mOK[0m
  MUL_MAT(type_a=pq2_0,type_b=f32,m=67,n=1,k=5120,bs=[1,1],nr=[1,1],per=[0,1,2,3],k_v=0,o=1,src_overlap=0): ggml_backend_cuda_graph_compute: CUDA graph warmup complete
[1;32mOK[0m
  MUL_MAT(type_a=ptq1_0,type_b=f32,m=67,n=1,k=6144,bs=[1,1],nr=[1,1],per=[0,1,2,3],k_v=0,o=1,src_overlap=0): ggml_backend_cuda_graph_compute: CUDA graph warmup reset
[1;32mOK[0m
  MUL_MAT(type_a=pq2_0,type_b=f32,m=67,n=1,k=6144,bs=[1,1],nr=[1,1],per=[0,1,2,3],k_v=0,o=1,src_overlap=0): [1;32mOK[0m
  MUL_MAT(type_a=ptq1_0,type_b=f32,m=67,n=1,k=17408,bs=[1,1],nr=[1,1],per=[0,1,2,3],k_v=0,o=1,src_overlap=0): [1;32mOK[0m
  MUL_MAT(type_a=pq2_0,type_b=f32,m=67,n=1,k=17408,bs=[1,1],nr=[1,1],per=[0,1,2,3],k_v=0,o=1,src_overlap=0): [1;32mOK[0m
  MUL_MAT(type_a=ptq1_0,type_b=f32,m=67,n=2,k=1024,bs=[1,1],nr=[1,1],per=[0,1,2,3],k_v=0,o=1,src_overlap=0): [1;32mOK[0m
  MUL_MAT(type_a=pq2_0,type_b=f32,m=67,n=2,k=1024,bs=[1,1],nr=[1,1],per=[0,1,2,3],k_v=0,o=1,src_overlap=0): ggml_backend_cuda_graph_compute: CUDA graph warmup complete
[1;32mOK[0m
  MUL_MAT(type_a=ptq1_0,type_b=f32,m=67,n=2,k=5120,bs=[1,1],nr=[1,1],per=[0,1,2,3],k_v=0,o=1,src_overlap=0): [1;32mOK[0m
  MUL_MAT(type_a=pq2_0,type_b=f32,m=67,n=2,k=5120,bs=[1,1],nr=[1,1],per=[0,1,2,3],k_v=0,o=1,src_overlap=0): [1;32mOK[0m
  MUL_MAT(type_a=ptq1_0,type_b=f32,m=67,n=2,k=6144,bs=[1,1],nr=[1,1],per=[0,1,2,3],k_v=0,o=1,src_overlap=0): ggml_backend_cuda_graph_compute: CUDA graph warmup reset
[1;32mOK[0m
  MUL_MAT(type_a=pq2_0,type_b=f32,m=67,n=2,k=6144,bs=[1,1],nr=[1,1],per=[0,1,2,3],k_v=0,o=1,src_overlap=0): [1;32mOK[0m
  MUL_MAT(type_a=ptq1_0,type_b=f32,m=67,n=2,k=17408,bs=[1,1],nr=[1,1],per=[0,1,2,3],k_v=0,o=1,src_overlap=0): [1;32mOK[0m
  MUL_MAT(type_a=pq2_0,type_b=f32,m=67,n=2,k=17408,bs=[1,1],nr=[1,1],per=[0,1,2,3],k_v=0,o=1,src_overlap=0): [1;32mOK[0m
  MUL_MAT(type_a=ptq1_0,type_b=f32,m=67,n=4,k=1024,bs=[1,1],nr=[1,1],per=[0,1,2,3],k_v=0,o=1,src_overlap=0): [1;32mOK[0m
  MUL_MAT(type_a=pq2_0,type_b=f32,m=67,n=4,k=1024,bs=[1,1],nr=[1,1],per=[0,1,2,3],k_v=0,o=1,src_overlap=0): ggml_backend_cuda_graph_compute: CUDA graph warmup complete
[1;32mOK[0m
  MUL_MAT(type_a=ptq1_0,type_b=f32,m=67,n=4,k=5120,bs=[1,1],nr=[1,1],per=[0,1,2,3],k_v=0,o=1,src_overlap=0): [1;32mOK[0m
  MUL_MAT(type_a=pq2_0,type_b=f32,m=67,n=4,k=5120,bs=[1,1],nr=[1,1],per=[0,1,2,3],k_v=0,o=1,src_overlap=0): [1;32mOK[0m
  MUL_MAT(type_a=ptq1_0,type_b=f32,m=67,n=4,k=6144,bs=[1,1],nr=[1,1],per=[0,1,2,3],k_v=0,o=1,src_overlap=0): [1;32mOK[0m
  MUL_MAT(type_a=pq2_0,type_b=f32,m=67,n=4,k=6144,bs=[1,1],nr=[1,1],per=[0,1,2,3],k_v=0,o=1,src_overlap=0): ggml_backend_cuda_graph_compute: CUDA graph warmup reset
[1;32mOK[0m
  MUL_MAT(type_a=ptq1_0,type_b=f32,m=67,n=4,k=17408,bs=[1,1],nr=[1,1],per=[0,1,2,3],k_v=0,o=1,src_overlap=0): [1;32mOK[0m
  MUL_MAT(type_a=pq2_0,type_b=f32,m=67,n=4,k=17408,bs=[1,1],nr=[1,1],per=[0,1,2,3],k_v=0,o=1,src_overlap=0): [1;32mOK[0m
  MUL_MAT(type_a=ptq1_0,type_b=f32,m=67,n=8,k=1024,bs=[1,1],nr=[1,1],per=[0,1,2,3],k_v=0,o=1,src_overlap=0): [1;32mOK[0m
  MUL_MAT(type_a=pq2_0,type_b=f32,m=67,n=8,k=1024,bs=[1,1],nr=[1,1],per=[0,1,2,3],k_v=0,o=1,src_overlap=0): [1;32mOK[0m
  MUL_MAT(type_a=ptq1_0,type_b=f32,m=67,n=8,k=5120,bs=[1,1],nr=[1,1],per=[0,1,2,3],k_v=0,o=1,src_overlap=0): [1;32mOK[0m
  MUL_MAT(type_a=pq2_0,type_b=f32,m=67,n=8,k=5120,bs=[1,1],nr=[1,1],per=[0,1,2,3],k_v=0,o=1,src_overlap=0): [1;32mOK[0m
  MUL_MAT(type_a=ptq1_0,type_b=f32,m=67,n=8,k=6144,bs=[1,1],nr=[1,1],per=[0,1,2,3],k_v=0,o=1,src_overlap=0): [1;32mOK[0m
  MUL_MAT(type_a=pq2_0,type_b=f32,m=67,n=8,k=6144,bs=[1,1],nr=[1,1],per=[0,1,2,3],k_v=0,o=1,src_overlap=0): [1;32mOK[0m
  MUL_MAT(type_a=ptq1_0,type_b=f32,m=67,n=8,k=17408,bs=[1,1],nr=[1,1],per=[0,1,2,3],k_v=0,o=1,src_overlap=0): [1;32mOK[0m
  MUL_MAT(type_a=pq2_0,type_b=f32,m=67,n=8,k=17408,bs=[1,1],nr=[1,1],per=[0,1,2,3],k_v=0,o=1,src_overlap=0): [1;32mOK[0m
  MUL_MAT(type_a=ptq1_0,type_b=f32,m=67,n=1,k=1024,bs=[1,1],nr=[1,1],per=[0,1,2,3],k_v=0,o=1,src_overlap=0): [1;32mOK[0m
  MUL_MAT(type_a=ptq1_0,type_b=f32,m=67,n=2,k=1024,bs=[1,1],nr=[1,1],per=[0,1,2,3],k_v=0,o=1,src_overlap=0): [1;32mOK[0m
  MUL_MAT(type_a=ptq1_0,type_b=f32,m=67,n=4,k=1024,bs=[1,1],nr=[1,1],per=[0,1,2,3],k_v=0,o=1,src_overlap=0): [1;32mOK[0m
  MUL_MAT(type_a=ptq1_0,type_b=f32,m=67,n=8,k=1024,bs=[1,1],nr=[1,1],per=[0,1,2,3],k_v=0,o=1,src_overlap=0): [1;32mOK[0m
  MUL_MAT(type_a=ptq1_0,type_b=f32,m=70,n=1,k=1024,bs=[1,1],nr=[1,1],per=[0,1,2,3],k_v=0,o=1,src_overlap=0): [1;32mOK[0m
  MUL_MAT(type_a=ptq1_0,type_b=f32,m=70,n=2,k=1024,bs=[1,1],nr=[1,1],per=[0,1,2,3],k_v=0,o=1,src_overlap=0): [1;32mOK[0m
  MUL_MAT(type_a=ptq1_0,type_b=f32,m=70,n=4,k=1024,bs=[1,1],nr=[1,1],per=[0,1,2,3],k_v=0,o=1,src_overlap=0): [1;32mOK[0m
  MUL_MAT(type_a=ptq1_0,type_b=f32,m=70,n=8,k=1024,bs=[1,1],nr=[1,1],per=[0,1,2,3],k_v=0,o=1,src_overlap=0): [1;32mOK[0m
  MUL_MAT(type_a=ptq1_0,type_b=f32,m=67,n=1,k=5120,bs=[1,1],nr=[1,1],per=[0,1,2,3],k_v=0,o=1,src_overlap=0): [1;32mOK[0m
  MUL_MAT(type_a=ptq1_0,type_b=f32,m=67,n=2,k=5120,bs=[1,1],nr=[1,1],per=[0,1,2,3],k_v=0,o=1,src_overlap=0): [1;32mOK[0m
  MUL_MAT(type_a=ptq1_0,type_b=f32,m=67,n=4,k=5120,bs=[1,1],nr=[1,1],per=[0,1,2,3],k_v=0,o=1,src_overlap=0): [1;32mOK[0m
  MUL_MAT(type_a=ptq1_0,type_b=f32,m=67,n=8,k=5120,bs=[1,1],nr=[1,1],per=[0,1,2,3],k_v=0,o=1,src_overlap=0): [1;32mOK[0m
  MUL_MAT(type_a=ptq1_0,type_b=f32,m=70,n=1,k=5120,bs=[1,1],nr=[1,1],per=[0,1,2,3],k_v=0,o=1,src_overlap=0): [1;32mOK[0m
  MUL_MAT(type_a=ptq1_0,type_b=f32,m=70,n=2,k=5120,bs=[1,1],nr=[1,1],per=[0,1,2,3],k_v=0,o=1,src_overlap=0): [1;32mOK[0m
  MUL_MAT(type_a=ptq1_0,type_b=f32,m=70,n=4,k=5120,bs=[1,1],nr=[1,1],per=[0,1,2,3],k_v=0,o=1,src_overlap=0): [1;32mOK[0m
  MUL_MAT(type_a=ptq1_0,type_b=f32,m=70,n=8,k=5120,bs=[1,1],nr=[1,1],per=[0,1,2,3],k_v=0,o=1,src_overlap=0): [1;32mOK[0m
  MUL_MAT(type_a=ptq1_0,type_b=f32,m=67,n=1,k=6144,bs=[1,1],nr=[1,1],per=[0,1,2,3],k_v=0,o=1,src_overlap=0): [1;32mOK[0m
  MUL_MAT(type_a=ptq1_0,type_b=f32,m=67,n=2,k=6144,bs=[1,1],nr=[1,1],per=[0,1,2,3],k_v=0,o=1,src_overlap=0): [1;32mOK[0m
  MUL_MAT(type_a=ptq1_0,type_b=f32,m=67,n=4,k=6144,bs=[1,1],nr=[1,1],per=[0,1,2,3],k_v=0,o=1,src_overlap=0): [1;32mOK[0m
  MUL_MAT(type_a=ptq1_0,type_b=f32,m=67,n=8,k=6144,bs=[1,1],nr=[1,1],per=[0,1,2,3],k_v=0,o=1,src_overlap=0): [1;32mOK[0m
  MUL_MAT(type_a=ptq1_0,type_b=f32,m=70,n=1,k=6144,bs=[1,1],nr=[1,1],per=[0,1,2,3],k_v=0,o=1,src_overlap=0): [1;32mOK[0m
  MUL_MAT(type_a=ptq1_0,type_b=f32,m=70,n=2,k=6144,bs=[1,1],nr=[1,1],per=[0,1,2,3],k_v=0,o=1,src_overlap=0): [1;32mOK[0m
  MUL_MAT(type_a=ptq1_0,type_b=f32,m=70,n=4,k=6144,bs=[1,1],nr=[1,1],per=[0,1,2,3],k_v=0,o=1,src_overlap=0): [1;32mOK[0m
  MUL_MAT(type_a=ptq1_0,type_b=f32,m=70,n=8,k=6144,bs=[1,1],nr=[1,1],per=[0,1,2,3],k_v=0,o=1,src_overlap=0): [1;32mOK[0m
  MUL_MAT(type_a=ptq1_0,type_b=f32,m=67,n=1,k=17408,bs=[1,1],nr=[1,1],per=[0,1,2,3],k_v=0,o=1,src_overlap=0): [1;32mOK[0m
  MUL_MAT(type_a=ptq1_0,type_b=f32,m=67,n=2,k=17408,bs=[1,1],nr=[1,1],per=[0,1,2,3],k_v=0,o=1,src_overlap=0): [1;32mOK[0m
  MUL_MAT(type_a=ptq1_0,type_b=f32,m=67,n=4,k=17408,bs=[1,1],nr=[1,1],per=[0,1,2,3],k_v=0,o=1,src_overlap=0): [1;32mOK[0m
  MUL_MAT(type_a=ptq1_0,type_b=f32,m=67,n=8,k=17408,bs=[1,1],nr=[1,1],per=[0,1,2,3],k_v=0,o=1,src_overlap=0): [1;32mOK[0m
  MUL_MAT(type_a=ptq1_0,type_b=f32,m=70,n=1,k=17408,bs=[1,1],nr=[1,1],per=[0,1,2,3],k_v=0,o=1,src_overlap=0): [1;32mOK[0m
  MUL_MAT(type_a=ptq1_0,type_b=f32,m=70,n=2,k=17408,bs=[1,1],nr=[1,1],per=[0,1,2,3],k_v=0,o=1,src_overlap=0): [1;32mOK[0m
  MUL_MAT(type_a=ptq1_0,type_b=f32,m=70,n=4,k=17408,bs=[1,1],nr=[1,1],per=[0,1,2,3],k_v=0,o=1,src_overlap=0): [1;32mOK[0m
  MUL_MAT(type_a=ptq1_0,type_b=f32,m=70,n=8,k=17408,bs=[1,1],nr=[1,1],per=[0,1,2,3],k_v=0,o=1,src_overlap=0): [1;32mOK[0m
  MUL_MAT(type_a=pq2_0,type_b=f32,m=67,n=1,k=1024,bs=[1,1],nr=[1,1],per=[0,1,2,3],k_v=0,o=1,src_overlap=0): [1;32mOK[0m
  MUL_MAT(type_a=pq2_0,type_b=f32,m=67,n=2,k=1024,bs=[1,1],nr=[1,1],per=[0,1,2,3],k_v=0,o=1,src_overlap=0): [1;32mOK[0m
  MUL_MAT(type_a=pq2_0,type_b=f32,m=67,n=4,k=1024,bs=[1,1],nr=[1,1],per=[0,1,2,3],k_v=0,o=1,src_overlap=0): [1;32mOK[0m
  MUL_MAT(type_a=pq2_0,type_b=f32,m=67,n=8,k=1024,bs=[1,1],nr=[1,1],per=[0,1,2,3],k_v=0,o=1,src_overlap=0): [1;32mOK[0m
  MUL_MAT(type_a=pq2_0,type_b=f32,m=70,n=1,k=1024,bs=[1,1],nr=[1,1],per=[0,1,2,3],k_v=0,o=1,src_overlap=0): [1;32mOK[0m
  MUL_MAT(type_a=pq2_0,type_b=f32,m=70,n=2,k=1024,bs=[1,1],nr=[1,1],per=[0,1,2,3],k_v=0,o=1,src_overlap=0): [1;32mOK[0m
  MUL_MAT(type_a=pq2_0,type_b=f32,m=70,n=4,k=1024,bs=[1,1],nr=[1,1],per=[0,1,2,3],k_v=0,o=1,src_overlap=0): [1;32mOK[0m
  MUL_MAT(type_a=pq2_0,type_b=f32,m=70,n=8,k=1024,bs=[1,1],nr=[1,1],per=[0,1,2,3],k_v=0,o=1,src_overlap=0): [1;32mOK[0m
  MUL_MAT(type_a=pq2_0,type_b=f32,m=67,n=1,k=5120,bs=[1,1],nr=[1,1],per=[0,1,2,3],k_v=0,o=1,src_overlap=0): [1;32mOK[0m
  MUL_MAT(type_a=pq2_0,type_b=f32,m=67,n=2,k=5120,bs=[1,1],nr=[1,1],per=[0,1,2,3],k_v=0,o=1,src_overlap=0): [1;32mOK[0m
  MUL_MAT(type_a=pq2_0,type_b=f32,m=67,n=4,k=5120,bs=[1,1],nr=[1,1],per=[0,1,2,3],k_v=0,o=1,src_overlap=0): [1;32mOK[0m
  MUL_MAT(type_a=pq2_0,type_b=f32,m=67,n=8,k=5120,bs=[1,1],nr=[1,1],per=[0,1,2,3],k_v=0,o=1,src_overlap=0): [1;32mOK[0m
  MUL_MAT(type_a=pq2_0,type_b=f32,m=70,n=1,k=5120,bs=[1,1],nr=[1,1],per=[0,1,2,3],k_v=0,o=1,src_overlap=0): [1;32mOK[0m
  MUL_MAT(type_a=pq2_0,type_b=f32,m=70,n=2,k=5120,bs=[1,1],nr=[1,1],per=[0,1,2,3],k_v=0,o=1,src_overlap=0): [1;32mOK[0m
  MUL_MAT(type_a=pq2_0,type_b=f32,m=70,n=4,k=5120,bs=[1,1],nr=[1,1],per=[0,1,2,3],k_v=0,o=1,src_overlap=0): [1;32mOK[0m
  MUL_MAT(type_a=pq2_0,type_b=f32,m=70,n=8,k=5120,bs=[1,1],nr=[1,1],per=[0,1,2,3],k_v=0,o=1,src_overlap=0): [1;32mOK[0m
  MUL_MAT(type_a=pq2_0,type_b=f32,m=67,n=1,k=6144,bs=[1,1],nr=[1,1],per=[0,1,2,3],k_v=0,o=1,src_overlap=0): [1;32mOK[0m
  MUL_MAT(type_a=pq2_0,type_b=f32,m=67,n=2,k=6144,bs=[1,1],nr=[1,1],per=[0,1,2,3],k_v=0,o=1,src_overlap=0): [1;32mOK[0m
  MUL_MAT(type_a=pq2_0,type_b=f32,m=67,n=4,k=6144,bs=[1,1],nr=[1,1],per=[0,1,2,3],k_v=0,o=1,src_overlap=0): [1;32mOK[0m
  MUL_MAT(type_a=pq2_0,type_b=f32,m=67,n=8,k=6144,bs=[1,1],nr=[1,1],per=[0,1,2,3],k_v=0,o=1,src_overlap=0): [1;32mOK[0m
  MUL_MAT(type_a=pq2_0,type_b=f32,m=70,n=1,k=6144,bs=[1,1],nr=[1,1],per=[0,1,2,3],k_v=0,o=1,src_overlap=0): [1;32mOK[0m
  MUL_MAT(type_a=pq2_0,type_b=f32,m=70,n=2,k=6144,bs=[1,1],nr=[1,1],per=[0,1,2,3],k_v=0,o=1,src_overlap=0): [1;32mOK[0m
  MUL_MAT(type_a=pq2_0,type_b=f32,m=70,n=4,k=6144,bs=[1,1],nr=[1,1],per=[0,1,2,3],k_v=0,o=1,src_overlap=0): [1;32mOK[0m
  MUL_MAT(type_a=pq2_0,type_b=f32,m=70,n=8,k=6144,bs=[1,1],nr=[1,1],per=[0,1,2,3],k_v=0,o=1,src_overlap=0): [1;32mOK[0m
  MUL_MAT(type_a=pq2_0,type_b=f32,m=67,n=1,k=17408,bs=[1,1],nr=[1,1],per=[0,1,2,3],k_v=0,o=1,src_overlap=0): [1;32mOK[0m
  MUL_MAT(type_a=pq2_0,type_b=f32,m=67,n=2,k=17408,bs=[1,1],nr=[1,1],per=[0,1,2,3],k_v=0,o=1,src_overlap=0): [1;32mOK[0m
  MUL_MAT(type_a=pq2_0,type_b=f32,m=67,n=4,k=17408,bs=[1,1],nr=[1,1],per=[0,1,2,3],k_v=0,o=1,src_overlap=0): [1;32mOK[0m
  MUL_MAT(type_a=pq2_0,type_b=f32,m=67,n=8,k=17408,bs=[1,1],nr=[1,1],per=[0,1,2,3],k_v=0,o=1,src_overlap=0): [1;32mOK[0m
  MUL_MAT(type_a=pq2_0,type_b=f32,m=70,n=1,k=17408,bs=[1,1],nr=[1,1],per=[0,1,2,3],k_v=0,o=1,src_overlap=0): [1;32mOK[0m
  MUL_MAT(type_a=pq2_0,type_b=f32,m=70,n=2,k=17408,bs=[1,1],nr=[1,1],per=[0,1,2,3],k_v=0,o=1,src_overlap=0): [1;32mOK[0m
  MUL_MAT(type_a=pq2_0,type_b=f32,m=70,n=4,k=17408,bs=[1,1],nr=[1,1],per=[0,1,2,3],k_v=0,o=1,src_overlap=0): [1;32mOK[0m
  MUL_MAT(type_a=pq2_0,type_b=f32,m=70,n=8,k=17408,bs=[1,1],nr=[1,1],per=[0,1,2,3],k_v=0,o=1,src_overlap=0): [1;32mOK[0m
  96/96 tests passed
  Backend CUDA0: [1;32mOK[0m
Backend 2/2: CPU
  Skipping
2/2 backends passed
[1;32mOK[0m
